// Jest Snapshot v1, https://goo.gl/fbAQLP

exports[`rich-text snapshot tests adjacent images overlap 1`] = `
"<span class=\\"rich-text__line\\" ><span>- we can think of callbacks as a continuation, a secondary half that runs after a time-gap that separates it from the first half</span></span><span class=\\"rich-text__line\\" ><span>&quot;w</span><span style=\\"color:#e6e6e6;\\">hen we refer to functions as continuations, what we mean is, we did the first half of our program now, and we wrap the second half of our program up in a callback</span><span>&quot;</span></span><span class=\\"rich-text__line\\" ></span><span class=\\"rich-text__line\\" ><span>- the instructor suggests that callback hell doesnt actually have to do with indentation, as we could rewrite a &quot;callback hell&quot; without nesting</span></span><span class=\\"rich-text__line\\" ><img src=\\"\\"
        alt=\\"\\"
        style=\\" width:100px; height:100px ;; \\"
        data-offset=\\"440\\"
      /><img src=\\"\\"
        alt=\\"\\"
        style=\\" width:200px; height:200px ;; \\"
        data-offset=\\"441\\"
      /></span><span class=\\"rich-text__line\\" ><span>the instructor suggests that t</span><span style=\\"color:#e6e6e6;\\">here are two conceptually deficient</span><span> problems with callbacks</span></span>"
`;

exports[`rich-text snapshot tests empty newline ignored 1`] = `"<span class=\\"rich-text__line\\" ><span>the instructor suggests</span></span><span class=\\"rich-text__line\\" ></span><span class=\\"rich-text__line\\" ><span>generators will solve</span></span><span class=\\"rich-text__line\\" ></span><span class=\\"rich-text__line\\" ></span><span class=\\"rich-text__line\\" ><span>if a yield</span></span><span class=\\"rich-text__line\\" ></span><span class=\\"rich-text__line\\" ><span>instead </span></span><span class=\\"rich-text__line\\" ></span><span class=\\"rich-text__line\\" ></span><span class=\\"rich-text__line\\" ></span><span class=\\"rich-text__line\\" ><span>yield &gt; pause &gt; then &gt; it.next</span></span>"`;

exports[`rich-text snapshot tests monospace style not fully applied 1`] = `"<span class=\\"rich-text__line\\" ><small style=\\"color:#89ddff;background-color:#2B2B2B;\\"><code >i </code></small><small style=\\"background-color:#2B2B2B;\\"><code >a </code></small><small style=\\"color:#c792ea;background-color:#2B2B2B;\\"><code >f </code></small><small style=\\"color:#c3e88d;background-color:#2B2B2B;\\"><code >&#39;&#39;</code></small><small style=\\"color:#89ddff;background-color:#2B2B2B;\\"><code >;</code></small></span><span class=\\"rich-text__line\\" ><small style=\\"color:#89ddff;background-color:#2B2B2B;\\"><code >import * </code></small><small style=\\"color:#c792ea;background-color:#2B2B2B;\\"><code >f </code></small><small style=\\"color:#c3e88d;background-color:#2B2B2B;\\"><code >&#39;&#39;</code></small><small style=\\"color:#89ddff;background-color:#2B2B2B;\\"><code >;</code></small></span>"`;

exports[`rich-text snapshot tests offset images 1`] = `
"<span class=\\"rich-text__line\\" ></span><span class=\\"rich-text__line\\" ><em style=\\"color:#c792ea;background-color:#2B2B2B;\\"><small ><code >let </code></small></em><em style=\\"background-color:#2B2B2B;\\"><small ><code >it </code></small></em><em style=\\"color:#89ddff;background-color:#2B2B2B;\\"><small ><code >= </code></small></em><em style=\\"color:#82aaff;background-color:#2B2B2B;\\"><small ><code >gen</code></small></em><em style=\\"color:#f78c6c;background-color:#2B2B2B;\\"><small ><code >()</code></small></em><em style=\\"color:#89ddff;background-color:#2B2B2B;\\"><small ><code >;</code></small></em></span><span class=\\"rich-text__line\\" ><em style=\\"background-color:#9a1197;color:#c792ea;\\"><small ><code >console</code></small></em><em style=\\"background-color:#9a1197;color:#89ddff;\\"><small ><code >.</code></small></em><em style=\\"background-color:#9a1197;color:#82aaff;\\"><small ><code >log</code></small></em><em style=\\"background-color:#9a1197;color:#f78c6c;\\"><small ><code >(</code></small></em><em style=\\"background-color:#9a1197;\\"><small ><code >it</code></small></em><em style=\\"background-color:#9a1197;color:#89ddff;\\"><small ><code >.</code></small></em><em style=\\"background-color:#9a1197;color:#82aaff;\\"><small ><code >next</code></small></em><em style=\\"background-color:#9a1197;color:#f78c6c;\\"><small ><code >())</code></small></em><em style=\\"background-color:#9a1197;color:#89ddff;\\"><small ><code >;</code></small></em></span><span class=\\"rich-text__line\\" ><em style=\\"background-color:#498b49;color:#c792ea;\\"><small ><code >console</code></small></em><em style=\\"background-color:#498b49;color:#89ddff;\\"><small ><code >.</code></small></em><em style=\\"background-color:#498b49;color:#82aaff;\\"><small ><code >log</code></small></em><em style=\\"background-color:#498b49;color:#f78c6c;\\"><small ><code >(</code></small></em><em style=\\"background-color:#498b49;\\"><small ><code >it</code></small></em><em style=\\"background-color:#498b49;color:#89ddff;\\"><small ><code >.</code></small></em><em style=\\"background-color:#498b49;color:#82aaff;\\"><small ><code >next</code></small></em><em style=\\"background-color:#498b49;color:#f78c6c;\\"><small ><code >(5))</code></small></em><em style=\\"background-color:#498b49;color:#89ddff;\\"><small ><code >;</code></small></em></span><span class=\\"rich-text__line\\" ></span><span class=\\"rich-text__line\\" ></span><span class=\\"rich-text__line\\" ><img src=\\"\\"
        alt=\\"\\"
        style=\\" width:100px; height:100px ;; \\"
        data-offset=\\"68\\"
      /></span><span class=\\"rich-text__line\\" ></span><span class=\\"rich-text__line\\" ></span><span class=\\"rich-text__line\\" ><span>example2</span></span><span class=\\"rich-text__line\\" ><img src=\\"\\"
        alt=\\"\\"
        style=\\" width:200px; height:200px ;; \\"
        data-offset=\\"81\\"
      /></span><span class=\\"rich-text__line\\" ><span>(run is equivalent to it.next)</span></span>"
`;

exports[`rich-text snapshot tests offset images 2`] = `
"<span class=\\"rich-text__line\\" ><em style=\\"background-color:#498b49;color:#89ddff;\\"><small ><code > </code></small></em><em style=\\"background-color:#498b49;color:#ffffff;\\"><small ><code > 5</code></small></em></span><span class=\\"rich-text__line\\" ><em style=\\"background-color:#498b49;color:#89ddff;\\"><small ><code >  </code></small></em><em style=\\"background-color:#498b49;color:#c792ea;\\"><small ><code >let </code></small></em><em style=\\"background-color:#498b49;\\"><small ><code >y </code></small></em><em style=\\"background-color:#498b49;color:#89ddff;\\"><small ><code >= </code></small></em><em style=\\"background-color:#498b49;color:#f78c6c;\\"><small ><code >0 </code></small></em><em style=\\"background-color:#498b49;color:#89ddff;\\"><small ><code >+ </code></small></em></span><span class=\\"rich-text__line\\" ></span><span class=\\"rich-text__line\\" ><img src=\\"\\"
        alt=\\"\\"
        style=\\" width:100px; height:100px ;; \\"
        data-offset=\\"20\\"
      /></span><span class=\\"rich-text__line\\" ></span><span class=\\"rich-text__line\\" ></span><span class=\\"rich-text__line\\" ><span>example2</span></span><span class=\\"rich-text__line\\" ><img src=\\"\\"
        alt=\\"\\"
        style=\\" width:200px; height:200px ;; \\"
        data-offset=\\"33\\"
      /></span><span class=\\"rich-text__line\\" ><span>(run is equivalent to it.next)</span></span>"
`;

exports[`rich-text snapshot tests offset images, tables, and codebox 1`] = `
"<span class=\\"rich-text__line\\" ><span>- fr</span><span style=\\"color:#ffffff;\\"> and </span><code style=\\"color:#ffffff;background-color:#2B2B2B;\\">split</code><span style=\\"color:#ffffff;\\">.</span></span><span class=\\"rich-text__line\\" ><table class=\\"rich-text__table\\" 
        data-col_max_width=\\"100\\"
        data-col_min_width=\\"100\\"
        style=\\"; }\\">
      <thead>
        <th >name</th><th >age</th>
      </thead>
      <tbody>
        <tr >
            <td >yacine</td><td >26</td>
          </tr><tr >
            <td >kamel</td><td >27</td>
          </tr><tr >
            <td >hachemi</td><td >26</td>
          </tr><tr >
            <td ></td><td ></td>
          </tr><tr >
            <td ></td><td ></td>
          </tr><tr >
            <td >amine</td><td >26</td>
          </tr>
      </tbody>
    </table></span><span class=\\"rich-text__line\\" ></span><span class=\\"rich-text__line\\" ></span><span class=\\"rich-text__line\\" ><span>&gt;regex functions</span></span><span class=\\"rich-text__line\\" ><span>a) regex.test returns a boolean if the pattern matches</span></span><span class=\\"rich-text__line\\" ><em style=\\"color:#c792ea;background-color:#2B2B2B;\\"><small ><code >let </code></small></em><em style=\\"background-color:#2B2B2B;\\"><small ><code >str </code></small></em><em style=\\"color:#89ddff;background-color:#2B2B2B;\\"><small ><code >= </code></small></em><em style=\\"color:#c3e88d;background-color:#2B2B2B;\\"><small ><code >\`Is this This?\`</code></small></em><em style=\\"color:#89ddff;background-color:#2B2B2B;\\"><small ><code >;</code></small></em></span><span class=\\"rich-text__line\\" ></span><span class=\\"rich-text__line\\" ><em style=\\"color:#c792ea;background-color:#2B2B2B;\\"><small ><code >console</code></small></em><em style=\\"color:#89ddff;background-color:#2B2B2B;\\"><small ><code >.</code></small></em><em style=\\"color:#82aaff;background-color:#2B2B2B;\\"><small ><code >log</code></small></em><em style=\\"color:#f78c6c;background-color:#2B2B2B;\\"><small ><code >(</code></small></em><em style=\\"color:#c3e88d;background-color:#2B2B2B;\\"><small ><code >/isd/g</code></small></em><em style=\\"color:#89ddff;background-color:#2B2B2B;\\"><small ><code >.</code></small></em><em style=\\"color:#82aaff;background-color:#2B2B2B;\\"><small ><code >test</code></small></em><em style=\\"color:#f78c6c;background-color:#2B2B2B;\\"><small ><code >(</code></small></em><em style=\\"background-color:#2B2B2B;\\"><small ><code >str</code></small></em><em style=\\"color:#f78c6c;background-color:#2B2B2B;\\"><small ><code >))</code></small></em><em style=\\"color:#89ddff;background-color:#2B2B2B;\\"><small ><code >; </code></small></em><em style=\\"color:#546e7a;background-color:#2B2B2B;\\"><small ><code >// false</code></small></em></span><span class=\\"rich-text__line\\" ><em style=\\"color:#c792ea;background-color:#2B2B2B;\\"><small ><code >console</code></small></em><em style=\\"color:#89ddff;background-color:#2B2B2B;\\"><small ><code >.</code></small></em><em style=\\"color:#82aaff;background-color:#2B2B2B;\\"><small ><code >log</code></small></em><em style=\\"color:#f78c6c;background-color:#2B2B2B;\\"><small ><code >(</code></small></em><em style=\\"color:#c3e88d;background-color:#2B2B2B;\\"><small ><code >/is/g</code></small></em><em style=\\"color:#89ddff;background-color:#2B2B2B;\\"><small ><code >.</code></small></em><em style=\\"color:#82aaff;background-color:#2B2B2B;\\"><small ><code >test</code></small></em><em style=\\"color:#f78c6c;background-color:#2B2B2B;\\"><small ><code >(</code></small></em><em style=\\"background-color:#2B2B2B;\\"><small ><code >str</code></small></em><em style=\\"color:#f78c6c;background-color:#2B2B2B;\\"><small ><code >))</code></small></em><em style=\\"color:#89ddff;background-color:#2B2B2B;\\"><small ><code >; </code></small></em><em style=\\"color:#546e7a;background-color:#2B2B2B;\\"><small ><code >// true</code></small></em></span><span class=\\"rich-text__line\\" ></span><span class=\\"rich-text__line\\" ><span>b) regex.exec returns a regexArray</span></span><span class=\\"rich-text__line\\" ><em style=\\"color:#c792ea;background-color:#2B2B2B;\\"><small ><code >let </code></small></em><em style=\\"background-color:#2B2B2B;\\"><small ><code >str </code></small></em><em style=\\"color:#89ddff;background-color:#2B2B2B;\\"><small ><code >= </code></small></em><em style=\\"color:#c3e88d;background-color:#2B2B2B;\\"><small ><code >\`Is this This?\`</code></small></em><em style=\\"color:#89ddff;background-color:#2B2B2B;\\"><small ><code >;</code></small></em></span><span class=\\"rich-text__line\\" ></span><span class=\\"rich-text__line\\" ><em style=\\"color:#c792ea;background-color:#2B2B2B;\\"><small ><code >let </code></small></em><em style=\\"background-color:#2B2B2B;\\"><small ><code >regex </code></small></em><em style=\\"color:#89ddff;background-color:#2B2B2B;\\"><small ><code >= </code></small></em><em style=\\"color:#c3e88d;background-color:#2B2B2B;\\"><small ><code >/is/g</code></small></em><em style=\\"color:#89ddff;background-color:#2B2B2B;\\"><small ><code >;</code></small></em></span><span class=\\"rich-text__line\\" ><em style=\\"color:#c792ea;background-color:#2B2B2B;\\"><small ><code >console</code></small></em><em style=\\"color:#89ddff;background-color:#2B2B2B;\\"><small ><code >.</code></small></em><em style=\\"color:#82aaff;background-color:#2B2B2B;\\"><small ><code >log</code></small></em><em style=\\"color:#f78c6c;background-color:#2B2B2B;\\"><small ><code >(</code></small></em><em style=\\"background-color:#2B2B2B;\\"><small ><code >regex</code></small></em><em style=\\"color:#89ddff;background-color:#2B2B2B;\\"><small ><code >.</code></small></em><em style=\\"color:#82aaff;background-color:#2B2B2B;\\"><small ><code >exec</code></small></em><em style=\\"color:#f78c6c;background-color:#2B2B2B;\\"><small ><code >(</code></small></em><em style=\\"background-color:#2B2B2B;\\"><small ><code >str</code></small></em><em style=\\"color:#f78c6c;background-color:#2B2B2B;\\"><small ><code >))</code></small></em><em style=\\"color:#89ddff;background-color:#2B2B2B;\\"><small ><code >;</code></small></em></span><span class=\\"rich-text__line\\" ><em style=\\"color:#546e7a;background-color:#2B2B2B;\\"><small ><code >// [ &#39;is&#39;, index: 5, input: &#39;Is this This?&#39;, groups: undefined ]</code></small></em></span><span class=\\"rich-text__line\\" ></span><span class=\\"rich-text__line\\" ><span>unlike </span><small style=\\"background-color:#2B2B2B;\\"><code >test</code></small><span>, the </span><small style=\\"background-color:#2B2B2B;\\"><code >exec</code></small><span> method is stateful: </span></span><span class=\\"rich-text__line\\" ><img src=\\"\\"
        alt=\\"\\"
        style=\\" width:100px; height:100px ;; \\"
        data-offset=\\"420\\"
      /></span><span class=\\"rich-text__line\\" ></span><span class=\\"rich-text__line\\" ><span>&gt;string functions</span></span><span class=\\"rich-text__line\\" ><span>a) </span><small style=\\"background-color:#2B2B2B;\\"><code >str.match</code></small></span><span class=\\"rich-text__line\\" ><em style=\\"color:#c792ea;\\">let </em><em >str </em><em style=\\"color:#89ddff;\\">= </em><em style=\\"color:#c3e88d;\\">\`Is this This?\`</em><em style=\\"color:#89ddff;\\">;</em></span><span class=\\"rich-text__line\\" ></span><span class=\\"rich-text__line\\" ></span><span class=\\"rich-text__line\\" ><span>&gt;basic regex playground using </span><small style=\\"background-color:#2B2B2B;\\"><code >str.replace</code></small></span><span class=\\"rich-text__line\\" ><code
      class=\\"rich-text__code\\"
      data-do_highl_bra=\\"1\\" 
      data-is_width_pix=\\"1\\"
      data-is_width_pix=\\"1\\"
      data-do_show_linenum=\\"undefined\\"
      data-width_raw=\\"100\\"
      data-syntax= \\"js\\"
      style=\\"max-width: 100px;
        min-height: 100px;
        width: 100px;
        display: inline-block;
        ; 
        \\"
    >
      codebox0
    </code><span>&#8203;</span></span><span class=\\"rich-text__line\\" ><code
      class=\\"rich-text__code\\"
      data-do_highl_bra=\\"1\\" 
      data-is_width_pix=\\"1\\"
      data-is_width_pix=\\"1\\"
      data-do_show_linenum=\\"undefined\\"
      data-width_raw=\\"200\\"
      data-syntax= \\"js\\"
      style=\\"max-width: 200px;
        min-height: 200px;
        width: 200px;
        display: inline-block;
        ; 
        \\"
    >
      codebox1
    </code><span>&#8203;</span></span><span class=\\"rich-text__line\\" ><img src=\\"\\"
        alt=\\"\\"
        style=\\" width:200px; height:200px ;; \\"
        data-offset=\\"529\\"
      /></span><span class=\\"rich-text__line\\" ><span>*</span></span><span class=\\"rich-text__line\\" ><span>&gt;my react alternative</span></span><span class=\\"rich-text__line\\" ><img src=\\"\\"
        alt=\\"\\"
        style=\\" width:300px; height:300px ;; \\"
        data-offset=\\"555\\"
      /></span><span class=\\"rich-text__line\\" ><span>- full code</span></span><span class=\\"rich-text__line\\" ><em style=\\"color:#89ddff;background-color:#2B2B2B;\\"><small ><code >i</code></small></em></span>"
`;

exports[`rich-text snapshot tests tailing image not rendered 1`] = `
"<span class=\\"rich-text__line\\" ><span>promises can be chained together</span></span><span class=\\"rich-text__line\\" ><span>&gt;example</span></span><span class=\\"rich-text__line\\" ><img src=\\"\\"
        alt=\\"\\"
        style=\\" width:100px; height:100px ;; \\"
        data-offset=\\"42\\"
      /></span><span class=\\"rich-text__line\\" ><span>the </span><small style=\\"background-color:#2B2B2B;\\"><code >.then</code></small><span> on line 5 will &quot;magically&quot; wait for the promise from line 3</span></span><span class=\\"rich-text__line\\" ></span><span class=\\"rich-text__line\\" ><span>&gt;example2</span></span><span class=\\"rich-text__line\\" ><img src=\\"\\"
        alt=\\"\\"
        style=\\" width:200px; height:200px ;; \\"
        data-offset=\\"125\\"
      /></span>"
`;

exports[`rich-text snapshot tests tailing image not rendered 2`] = `
"<span class=\\"rich-text__line\\" ><span>haha</span></span><span class=\\"rich-text__line\\" ><img src=\\"\\"
        alt=\\"\\"
        style=\\" width:100px; height:100px ;; \\"
        data-offset=\\"5\\"
      /><img src=\\"\\"
        alt=\\"\\"
        style=\\" width:200px; height:200px ;; \\"
        data-offset=\\"6\\"
      /></span>"
`;
